// Jest Snapshot v1, https://goo.gl/fbAQLP

exports[`<ThemeProvider /> renders a theme based on the current time 1`] = `
<ThemeProvider>
  <ThemeProvider
    theme={
      Object {
        "test": true,
      }
    }
  />
</ThemeProvider>
`;
